
> healthlink@0.0.0 build
> vite build

[36mvite v7.3.1 [32mbuilding client environment for production...[36m[39m
transforming...
[32mΓ£ô[39m 2933 modules transformed.
rendering chunks...
node.exe : 
[33m[plugin 
vite:reporter] 
At line:1 char:1
+ & "C:\Program 
Files\nodejs/node.exe" 
"C:\Program 
Files\nodejs/node_mo 
...
+ ~~~~~~~~~~~~~~~~~~~~~
~~~~~~~~~~~~~~~~~~~~~~~
~~~~~~~~~~~~~~~~~~~~~~~
~~
    + CategoryInfo     
         : NotSpecifi  
  ed: ([33m[plugin    
 vite:reporter] :St    
ring) [], RemoteEx    
ception
    + FullyQualifiedEr 
   rorId : NativeComm  
  andError
 
(!) C:/Users/Sreenath/O
neDrive/Desktop/v/poiuy
/healthlink/node_module
s/firebase/auth/dist/es
m/index.esm.js is 
dynamically imported 
by C:/Users/Sreenath/On
eDrive/Desktop/v/poiuy/
healthlink/src/firebase
/auth.js but also 
statically imported by 
C:/Users/Sreenath/OneDr
ive/Desktop/v/poiuy/hea
lthlink/src/firebase/au
th.js, C:/Users/Sreenat
h/OneDrive/Desktop/v/po
iuy/healthlink/src/fire
base/config.js, C:/User
s/Sreenath/OneDrive/Des
ktop/v/poiuy/healthlink
/src/pages/auth/DoctorL
ogin.jsx, C:/Users/Sree
nath/OneDrive/Desktop/v
/poiuy/healthlink/src/p
ages/auth/HospitalLogin
.jsx, C:/Users/Sreenath
/OneDrive/Desktop/v/poi
uy/healthlink/src/pages
/hospital/context/AuthC
ontext.jsx, dynamic 
import will not move 
module into another 
chunk.
[39m
[33m[plugin 
vite:reporter] 
(!) C:/Users/Sreenath/O
neDrive/Desktop/v/poiuy
/healthlink/node_module
s/firebase/firestore/di
st/esm/index.esm.js is 
dynamically imported 
by C:/Users/Sreenath/On
eDrive/Desktop/v/poiuy/
healthlink/src/pages/Bo
okAppointment.jsx, C:/U
sers/Sreenath/OneDrive/
Desktop/v/poiuy/healthl
ink/src/pages/HospitalD
etail.jsx, C:/Users/Sre
enath/OneDrive/Desktop/
v/poiuy/healthlink/src/
pages/hospital/pages/Da
shboard.jsx but also 
statically imported by 
C:/Users/Sreenath/OneDr
ive/Desktop/v/poiuy/hea
lthlink/src/firebase/au
th.js, C:/Users/Sreenat
h/OneDrive/Desktop/v/po
iuy/healthlink/src/fire
base/config.js, C:/User
s/Sreenath/OneDrive/Des
ktop/v/poiuy/healthlink
/src/firebase/logging.j
s, C:/Users/Sreenath/On
eDrive/Desktop/v/poiuy/
healthlink/src/firebase
/migration.js, C:/Users
/Sreenath/OneDrive/Desk
top/v/poiuy/healthlink/
src/firebase/services.j
s, C:/Users/Sreenath/On
eDrive/Desktop/v/poiuy/
healthlink/src/pages/Ad
minUserTracking.jsx, C:
/Users/Sreenath/OneDriv
e/Desktop/v/poiuy/healt
hlink/src/pages/Medicin
eSearch.jsx, C:/Users/S
reenath/OneDrive/Deskto
p/v/poiuy/healthlink/sr
c/pages/auth/DoctorLogi
n.jsx, C:/Users/Sreenat
h/OneDrive/Desktop/v/po
iuy/healthlink/src/page
s/auth/HospitalLogin.js
x, C:/Users/Sreenath/On
eDrive/Desktop/v/poiuy/
healthlink/src/pages/ho
spital/components/Sideb
ar.jsx, C:/Users/Sreena
th/OneDrive/Desktop/v/p
oiuy/healthlink/src/pag
es/hospital/context/Aut
hContext.jsx, C:/Users/
Sreenath/OneDrive/Deskt
op/v/poiuy/healthlink/s
rc/pages/hospital/pages
/Appointments.jsx, C:/U
sers/Sreenath/OneDrive/
Desktop/v/poiuy/healthl
ink/src/pages/hospital/
pages/DoctorManagement.
jsx, C:/Users/Sreenath/
OneDrive/Desktop/v/poiu
y/healthlink/src/pages/
hospital/pages/MedicalS
toreManagement.jsx, C:/
Users/Sreenath/OneDrive
/Desktop/v/poiuy/health
link/src/services/docto
rService.js, dynamic 
import will not move 
module into another 
chunk.
[39m
[33m[plugin 
vite:reporter] 
(!) C:/Users/Sreenath/O
neDrive/Desktop/v/poiuy
/healthlink/node_module
s/firebase/app/dist/esm
/index.esm.js is 
dynamically imported 
by C:/Users/Sreenath/On
eDrive/Desktop/v/poiuy/
healthlink/src/firebase
/auth.js, C:/Users/Sree
nath/OneDrive/Desktop/v
/poiuy/healthlink/src/f
irebase/auth.js but 
also statically 
imported by C:/Users/Sr
eenath/OneDrive/Desktop
/v/poiuy/healthlink/src
/firebase/config.js, 
dynamic import will 
not move module into 
another chunk.
[39m
[33m[plugin 
vite:reporter] 
(!) C:/Users/Sreenath/O
neDrive/Desktop/v/poiuy
/healthlink/src/firebas
e/config.js is 
dynamically imported 
by C:/Users/Sreenath/On
eDrive/Desktop/v/poiuy/
healthlink/src/firebase
/auth.js, C:/Users/Sree
nath/OneDrive/Desktop/v
/poiuy/healthlink/src/p
ages/BookAppointment.js
x, C:/Users/Sreenath/On
eDrive/Desktop/v/poiuy/
healthlink/src/pages/Ho
spitalDetail.jsx, C:/Us
ers/Sreenath/OneDrive/D
esktop/v/poiuy/healthli
nk/src/pages/hospital/p
ages/Dashboard.jsx but 
also statically 
imported by C:/Users/Sr
eenath/OneDrive/Desktop
/v/poiuy/healthlink/src
/firebase/auth.js, C:/U
sers/Sreenath/OneDrive/
Desktop/v/poiuy/healthl
ink/src/firebase/loggin
g.js, C:/Users/Sreenath
/OneDrive/Desktop/v/poi
uy/healthlink/src/fireb
ase/migration.js, C:/Us
ers/Sreenath/OneDrive/D
esktop/v/poiuy/healthli
nk/src/firebase/service
s.js, C:/Users/Sreenath
/OneDrive/Desktop/v/poi
uy/healthlink/src/pages
/AdminUserTracking.jsx,
 C:/Users/Sreenath/OneD
rive/Desktop/v/poiuy/he
althlink/src/pages/Medi
cineSearch.jsx, C:/User
s/Sreenath/OneDrive/Des
ktop/v/poiuy/healthlink
/src/pages/auth/DoctorL
ogin.jsx, C:/Users/Sree
nath/OneDrive/Desktop/v
/poiuy/healthlink/src/p
ages/auth/HospitalLogin
.jsx, C:/Users/Sreenath
/OneDrive/Desktop/v/poi
uy/healthlink/src/pages
/hospital/components/Si
debar.jsx, C:/Users/Sre
enath/OneDrive/Desktop/
v/poiuy/healthlink/src/
pages/hospital/pages/Ap
pointments.jsx, C:/User
s/Sreenath/OneDrive/Des
ktop/v/poiuy/healthlink
/src/pages/hospital/pag
es/Dashboard.jsx, C:/Us
ers/Sreenath/OneDrive/D
esktop/v/poiuy/healthli
nk/src/pages/hospital/p
ages/DoctorManagement.j
sx, C:/Users/Sreenath/O
neDrive/Desktop/v/poiuy
/healthlink/src/pages/h
ospital/pages/MedicalSt
oreManagement.jsx, C:/U
sers/Sreenath/OneDrive/
Desktop/v/poiuy/healthl
ink/src/pages/hospital/
services/firebase.js, C
:/Users/Sreenath/OneDri
ve/Desktop/v/poiuy/heal
thlink/src/services/doc
torService.js, dynamic 
import will not move 
module into another 
chunk.
[39m
[33m[plugin 
vite:reporter] 
(!) C:/Users/Sreenath/O
neDrive/Desktop/v/poiuy
/healthlink/src/firebas
e/auth.js is 
dynamically imported 
by C:/Users/Sreenath/On
eDrive/Desktop/v/poiuy/
healthlink/src/context/
AuthContext.jsx, C:/Use
rs/Sreenath/OneDrive/De
sktop/v/poiuy/healthlin
k/src/context/AuthConte
xt.jsx, C:/Users/Sreena
th/OneDrive/Desktop/v/p
oiuy/healthlink/src/con
text/AuthContext.jsx 
but also statically 
imported by C:/Users/Sr
eenath/OneDrive/Desktop
/v/poiuy/healthlink/src
/context/AuthContext.js
x, C:/Users/Sreenath/On
eDrive/Desktop/v/poiuy/
healthlink/src/pages/Pa
tientDashboard.jsx, C:/
Users/Sreenath/OneDrive
/Desktop/v/poiuy/health
link/src/pages/hospital
/pages/DoctorManagement
.jsx, dynamic import 
will not move module 
into another chunk.
[39m
[33m[plugin 
vite:reporter] 
(!) C:/Users/Sreenath/O
neDrive/Desktop/v/poiuy
/healthlink/src/firebas
e/services.js is 
dynamically imported 
by C:/Users/Sreenath/On
eDrive/Desktop/v/poiuy/
healthlink/src/context/
AuthContext.jsx, C:/Use
rs/Sreenath/OneDrive/De
sktop/v/poiuy/healthlin
k/src/context/AuthConte
xt.jsx, C:/Users/Sreena
th/OneDrive/Desktop/v/p
oiuy/healthlink/src/con
text/AuthContext.jsx, C
:/Users/Sreenath/OneDri
ve/Desktop/v/poiuy/heal
thlink/src/context/Auth
Context.jsx but also 
statically imported by 
C:/Users/Sreenath/OneDr
ive/Desktop/v/poiuy/hea
lthlink/src/components/
VoiceAssistant.jsx, C:/
Users/Sreenath/OneDrive
/Desktop/v/poiuy/health
link/src/components/doc
tor/vArograDoctorFeatur
es.jsx, C:/Users/Sreena
th/OneDrive/Desktop/v/p
oiuy/healthlink/src/com
ponents/patient/vArogra
Features.jsx, C:/Users/
Sreenath/OneDrive/Deskt
op/v/poiuy/healthlink/s
rc/pages/BookAppointmen
t.jsx, C:/Users/Sreenat
h/OneDrive/Desktop/v/po
iuy/healthlink/src/page
s/MedicalStoreDashboard
.jsx, C:/Users/Sreenath
/OneDrive/Desktop/v/poi
uy/healthlink/src/pages
/MedicineSearch.jsx, C:
/Users/Sreenath/OneDriv
e/Desktop/v/poiuy/healt
hlink/src/pages/Patient
Dashboard.jsx, C:/Users
/Sreenath/OneDrive/Desk
top/v/poiuy/healthlink/
src/pages/doctor/Doctor
Dashboard.jsx, C:/Users
/Sreenath/OneDrive/Desk
top/v/poiuy/healthlink/
src/pages/doctor/Prescr
iptionManager.jsx, C:/U
sers/Sreenath/OneDrive/
Desktop/v/poiuy/healthl
ink/src/pages/hospital/
pages/Appointments.jsx,
 dynamic import will 
not move module into 
another chunk.
[39m
[33m[plugin 
vite:reporter] 
(!) C:/Users/Sreenath/O
neDrive/Desktop/v/poiuy
/healthlink/src/utils/A
IService.js is 
dynamically imported 
by C:/Users/Sreenath/On
eDrive/Desktop/v/poiuy/
healthlink/src/pages/Pa
tientDashboard.jsx, C:/
Users/Sreenath/OneDrive
/Desktop/v/poiuy/health
link/src/pages/PatientD
ashboard.jsx but also 
statically imported by 
C:/Users/Sreenath/OneDr
ive/Desktop/v/poiuy/hea
lthlink/src/pages/Docto
rDashboard.jsx, C:/User
s/Sreenath/OneDrive/Des
ktop/v/poiuy/healthlink
/src/pages/PatientDashb
oard.jsx, dynamic 
import will not move 
module into another 
chunk.
[39m
computing gzip size...
[2mdist/[22m[32mindex.html                                 [39m[1m[2m    0.43 kB[22m[1m[22m[2m Γöé gzip:   0.29 kB[22m
[2mdist/[22m[35massets/global-BvWt-KUg.css                 [39m[1m[2m    3.23 kB[22m[1m[22m[2m Γöé gzip:   1.22 kB[22m
[2mdist/[22m[35massets/index-C32BaQJy.css                  [39m[1m[2m   89.12 kB[22m[1m[22m[2m Γöé gzip:  18.76 kB[22m
[2mdist/[22m[36massets/chevron-left-CTQxmIBA.js            [39m[1m[2m    0.13 kB[22m[1m[22m[2m Γöé gzip:   0.15 kB[22m
[2mdist/[22m[36massets/play-CIBtC910.js                    [39m[1m[2m    0.19 kB[22m[1m[22m[2m Γöé gzip:   0.18 kB[22m
[2mdist/[22m[36massets/user-check-wcASed1k.js              [39m[1m[2m    0.24 kB[22m[1m[22m[2m Γöé gzip:   0.21 kB[22m
[2mdist/[22m[36massets/funnel-Dk4ovvA4.js                  [39m[1m[2m    0.26 kB[22m[1m[22m[2m Γöé gzip:   0.22 kB[22m
[2mdist/[22m[36massets/bell-IIPzU9XO.js                    [39m[1m[2m    0.29 kB[22m[1m[22m[2m Γöé gzip:   0.24 kB[22m
[2mdist/[22m[36massets/user-plus-BhtEgiJS.js               [39m[1m[2m    0.31 kB[22m[1m[22m[2m Γöé gzip:   0.24 kB[22m
[2mdist/[22m[36massets/save-BMPAiD-q.js                    [39m[1m[2m    0.33 kB[22m[1m[22m[2m Γöé gzip:   0.23 kB[22m
[2mdist/[22m[36massets/monitor-play-CosVCJ-i.js            [39m[1m[2m    0.36 kB[22m[1m[22m[2m Γöé gzip:   0.26 kB[22m
[2mdist/[22m[36massets/calendar-clock-DvevcuNX.js          [39m[1m[2m    0.38 kB[22m[1m[22m[2m Γöé gzip:   0.26 kB[22m
[2mdist/[22m[36massets/clipboard-list-DEn7epk4.js          [39m[1m[2m    0.41 kB[22m[1m[22m[2m Γöé gzip:   0.27 kB[22m
[2mdist/[22m[36massets/BedManagement-CfawMJ5a.js           [39m[1m[2m    4.78 kB[22m[1m[22m[2m Γöé gzip:   1.53 kB[22m
[2mdist/[22m[36massets/Notifications--aEU0aUB.js           [39m[1m[2m    5.05 kB[22m[1m[22m[2m Γöé gzip:   1.87 kB[22m
[2mdist/[22m[36massets/MedicalStoreManagement-7DSrKtzp.js  [39m[1m[2m    5.82 kB[22m[1m[22m[2m Γöé gzip:   1.92 kB[22m
[2mdist/[22m[36massets/global-Ct9pvyUN.js                  [39m[1m[2m    7.00 kB[22m[1m[22m[2m Γöé gzip:   2.93 kB[22m
[2mdist/[22m[36massets/SharedNotepad-DJpBw1mQ.js           [39m[1m[2m    7.12 kB[22m[1m[22m[2m Γöé gzip:   2.47 kB[22m
[2mdist/[22m[36massets/LiveConsultations-cDcl_EXY.js       [39m[1m[2m    7.48 kB[22m[1m[22m[2m Γöé gzip:   2.51 kB[22m
[2mdist/[22m[36massets/Analytics-BCgSohmj.js               [39m[1m[2m    8.03 kB[22m[1m[22m[2m Γöé gzip:   2.54 kB[22m
[2mdist/[22m[36massets/Settings-DWDKutLX.js                [39m[1m[2m    8.98 kB[22m[1m[22m[2m Γöé gzip:   2.72 kB[22m
[2mdist/[22m[36massets/DoctorDashboard-DjLcaxIi.js         [39m[1m[2m   10.14 kB[22m[1m[22m[2m Γöé gzip:   3.20 kB[22m
[2mdist/[22m[36massets/Availability-Cvn6vizR.js            [39m[1m[2m   11.55 kB[22m[1m[22m[2m Γöé gzip:   3.13 kB[22m
[2mdist/[22m[36massets/mockData-DhGoxDi-.js                [39m[1m[2m   11.58 kB[22m[1m[22m[2m Γöé gzip:   2.68 kB[22m
[2mdist/[22m[36massets/Appointments-DLRYWOZ0.js            [39m[1m[2m   12.13 kB[22m[1m[22m[2m Γöé gzip:   3.69 kB[22m
[2mdist/[22m[36massets/MySchedule-BMKvJ8sm.js              [39m[1m[2m   12.25 kB[22m[1m[22m[2m Γöé gzip:   3.38 kB[22m
[2mdist/[22m[36massets/PatientRecords-CkbYYCEC.js          [39m[1m[2m   13.58 kB[22m[1m[22m[2m Γöé gzip:   3.12 kB[22m
[2mdist/[22m[36massets/DoctorManagement-CHZcgbB3.js        [39m[1m[2m   13.73 kB[22m[1m[22m[2m Γöé gzip:   3.96 kB[22m
[2mdist/[22m[36massets/Layout-C7IXnDBM.js                  [39m[1m[2m   14.84 kB[22m[1m[22m[2m Γöé gzip:   4.40 kB[22m
[2mdist/[22m[36massets/Layout-DtNfp8mz.js                  [39m[1m[2m   16.14 kB[22m[1m[22m[2m Γöé gzip:   4.76 kB[22m
[2mdist/[22m[36massets/PatientHistory-CgruFKvZ.js          [39m[1m[2m   19.91 kB[22m[1m[22m[2m Γöé gzip:   6.14 kB[22m
[2mdist/[22m[36massets/Dashboard-BSxOjSjT.js               [39m[1m[2m   20.74 kB[22m[1m[22m[2m Γöé gzip:   5.77 kB[22m
[2mdist/[22m[36massets/BloodBank-OZ1BrnPj.js               [39m[1m[2m   22.17 kB[22m[1m[22m[2m Γöé gzip:   5.08 kB[22m
[2mdist/[22m[36massets/LiveConsultation-6Z4auGpW.js        [39m[1m[2m   29.46 kB[22m[1m[22m[2m Γöé gzip:   7.25 kB[22m
[2mdist/[22m[36massets/PrescriptionManager-CnM_XqIw.js     [39m[1m[2m   31.90 kB[22m[1m[22m[2m Γöé gzip:   7.29 kB[22m
[2mdist/[22m[36massets/SmartScript-JadZ9HRK.js             [39m[1m[2m   33.74 kB[22m[1m[22m[2m Γöé gzip:  11.58 kB[22m
[2mdist/[22m[36massets/AreaChart-D3NEC4sD.js               [39m[1m[2m  332.84 kB[22m[1m[22m[2m Γöé gzip: 100.03 kB[22m
[2mdist/[22m[36massets/index-BP4ZIvZR.js                   [39m[1m[33m1,413.65 kB[39m[22m[2m Γöé gzip: 419.46 kB[22m
[33m
(!) Some chunks are 
larger than 500 kB 
after minification. 
Consider:
- Using dynamic 
import() to code-split 
the application
- Use build.rollupOptio
ns.output.manualChunks 
to improve chunking: ht
tps://rollupjs.org/conf
iguration-options/#outp
ut-manualchunks
- Adjust chunk size 
limit for this warning 
via build.chunkSizeWarn
ingLimit.[39m
[32mΓ£ô built in 20.29s[39m
