--- Testing getAIResponse ---
RAW DATA: {
  "error": {
    "code": 404,
    "message": "models/gemini-1.5-flash is not found for API version v1beta, or is not supported for generateContent. Call ListModels to see the list of available models and their supported methods.",
    "status": "NOT_FOUND"
  }
}
Returned Response: { success: true, message: "Sorry, I couldn't generate a response." }
